test this one 
